// Jest Snapshot v1, https://goo.gl/fbAQLP

exports[`MovieBlock component should be render correctly 1`] = `ShallowWrapper {}`;
