// Jest Snapshot v1, https://goo.gl/fbAQLP

exports[`ErrorBoundary component ErrorBoundary component should be render correctly 1`] = `ShallowWrapper {}`;
