// Jest Snapshot v1, https://goo.gl/fbAQLP

exports[`SortBar component should be render correctly 1`] = `ShallowWrapper {}`;

exports[`SortBar component should be render correctly 2`] = `ReactWrapper {}`;
